// Jest Snapshot v1, https://goo.gl/fbAQLP

exports[`<App /> shallow rendering matches the snapshot 1`] = `
<Fragment>
  <h1
    className="App blue"
  >
    Welcome to React
  </h1>
  <h2 />
  <input
    onChange={[Function]}
  />
  <button
    onClick={[Function]}
  >
    <p
      className="button-state"
    >
      No!
    </p>
  </button>
</Fragment>
`;
